// Jest Snapshot v1, https://goo.gl/fbAQLP

exports[`ConnectedAuthentication mapDispatchToProps with wrong login data [snapshot] 1`] = `
Array [
  Object {
    "type": "[AUTHENTICATION] SubmitCredentialsStart",
  },
  Object {
    "payload": "Invalid authentication data.",
    "type": "[AUTHENTICATION] Failed",
  },
]
`;
